../Core/Src/main.c:31:19:ESP_SendAT	680	static
../Core/Src/main.c:65:6:ESP_Restore	16	static
../Core/Src/main.c:85:6:ESP_Init	400	static
../Core/Src/main.c:196:6:ESP_PublishNumber	64	static
../Core/Src/main.c:210:6:ESP_Subscribe	56	static
../Core/Src/main.c:227:6:Parse_MQTT_Message	504	static
../Core/Src/main.c:301:6:HAL_UART_RxCpltCallback	16	static
../Core/Src/main.c:322:5:main	152	static
../Core/Src/main.c:368:6:Error_Handler	8	static
../Core/Src/main.c:378:6:SystemClock_Config	80	static
../Core/Src/main.c:401:6:MX_USART1_UART_Init	8	static
../Core/Src/main.c:414:6:MX_USART2_UART_Init	8	static
../Core/Src/main.c:427:6:MX_GPIO_Init	16	static
